Archive member included to satisfy reference by file (symbol)

/home/amin/Ac6/SystemWorkbench/plugins/fr.ac6.mcu.externaltools.arm-none.linux64_1.16.0.201807130628/tools/compiler/bin/../lib/gcc/arm-none-eabi/7.2.1/thumb/v7e-m/fpv4-sp/hard/libgcc.a(_aeabi_uldivmod.o)
                              Drivers/STM32F4xx_HAL_Driver/Src/stm32f4xx_hal_rcc.o (__aeabi_uldivmod)
/home/amin/Ac6/SystemWorkbench/plugins/fr.ac6.mcu.externaltools.arm-none.linux64_1.16.0.201807130628/tools/compiler/bin/../lib/gcc/arm-none-eabi/7.2.1/thumb/v7e-m/fpv4-sp/hard/libgcc.a(_udivmoddi4.o)
                              /home/amin/Ac6/SystemWorkbench/plugins/fr.ac6.mcu.externaltools.arm-none.linux64_1.16.0.201807130628/tools/compiler/bin/../lib/gcc/arm-none-eabi/7.2.1/thumb/v7e-m/fpv4-sp/hard/libgcc.a(_aeabi_uldivmod.o) (__udivmoddi4)
/home/amin/Ac6/SystemWorkbench/plugins/fr.ac6.mcu.externaltools.arm-none.linux64_1.16.0.201807130628/tools/compiler/bin/../lib/gcc/arm-none-eabi/7.2.1/thumb/v7e-m/fpv4-sp/hard/libgcc.a(_dvmd_tls.o)
                              /home/amin/Ac6/SystemWorkbench/plugins/fr.ac6.mcu.externaltools.arm-none.linux64_1.16.0.201807130628/tools/compiler/bin/../lib/gcc/arm-none-eabi/7.2.1/thumb/v7e-m/fpv4-sp/hard/libgcc.a(_aeabi_uldivmod.o) (__aeabi_ldiv0)
/home/amin/Ac6/SystemWorkbench/plugins/fr.ac6.mcu.externaltools.arm-none.linux64_1.16.0.201807130628/tools/compiler/bin/../lib/gcc/arm-none-eabi/7.2.1/../../../../arm-none-eabi/lib/thumb/v7e-m/fpv4-sp/hard/libc_nano.a(lib_a-errno.o)
                              Src/syscalls.o (__errno)
/home/amin/Ac6/SystemWorkbench/plugins/fr.ac6.mcu.externaltools.arm-none.linux64_1.16.0.201807130628/tools/compiler/bin/../lib/gcc/arm-none-eabi/7.2.1/../../../../arm-none-eabi/lib/thumb/v7e-m/fpv4-sp/hard/libc_nano.a(lib_a-exit.o)
                              /home/amin/Ac6/SystemWorkbench/plugins/fr.ac6.mcu.externaltools.arm-none.linux64_1.16.0.201807130628/tools/compiler/bin/../lib/gcc/arm-none-eabi/7.2.1/../../../../arm-none-eabi/lib/thumb/v7e-m/fpv4-sp/hard/crt0.o (exit)
/home/amin/Ac6/SystemWorkbench/plugins/fr.ac6.mcu.externaltools.arm-none.linux64_1.16.0.201807130628/tools/compiler/bin/../lib/gcc/arm-none-eabi/7.2.1/../../../../arm-none-eabi/lib/thumb/v7e-m/fpv4-sp/hard/libc_nano.a(lib_a-impure.o)
                              /home/amin/Ac6/SystemWorkbench/plugins/fr.ac6.mcu.externaltools.arm-none.linux64_1.16.0.201807130628/tools/compiler/bin/../lib/gcc/arm-none-eabi/7.2.1/../../../../arm-none-eabi/lib/thumb/v7e-m/fpv4-sp/hard/libc_nano.a(lib_a-exit.o) (_global_impure_ptr)
/home/amin/Ac6/SystemWorkbench/plugins/fr.ac6.mcu.externaltools.arm-none.linux64_1.16.0.201807130628/tools/compiler/bin/../lib/gcc/arm-none-eabi/7.2.1/../../../../arm-none-eabi/lib/thumb/v7e-m/fpv4-sp/hard/libc_nano.a(lib_a-init.o)
                              /home/amin/Ac6/SystemWorkbench/plugins/fr.ac6.mcu.externaltools.arm-none.linux64_1.16.0.201807130628/tools/compiler/bin/../lib/gcc/arm-none-eabi/7.2.1/../../../../arm-none-eabi/lib/thumb/v7e-m/fpv4-sp/hard/crt0.o (__libc_init_array)
/home/amin/Ac6/SystemWorkbench/plugins/fr.ac6.mcu.externaltools.arm-none.linux64_1.16.0.201807130628/tools/compiler/bin/../lib/gcc/arm-none-eabi/7.2.1/../../../../arm-none-eabi/lib/thumb/v7e-m/fpv4-sp/hard/libc_nano.a(lib_a-malloc.o)
                              Src/CircularBuffer.o (malloc)
/home/amin/Ac6/SystemWorkbench/plugins/fr.ac6.mcu.externaltools.arm-none.linux64_1.16.0.201807130628/tools/compiler/bin/../lib/gcc/arm-none-eabi/7.2.1/../../../../arm-none-eabi/lib/thumb/v7e-m/fpv4-sp/hard/libc_nano.a(lib_a-memcpy-stub.o)
                              Src/CircularBuffer.o (memcpy)
/home/amin/Ac6/SystemWorkbench/plugins/fr.ac6.mcu.externaltools.arm-none.linux64_1.16.0.201807130628/tools/compiler/bin/../lib/gcc/arm-none-eabi/7.2.1/../../../../arm-none-eabi/lib/thumb/v7e-m/fpv4-sp/hard/libc_nano.a(lib_a-memset.o)
                              /home/amin/Ac6/SystemWorkbench/plugins/fr.ac6.mcu.externaltools.arm-none.linux64_1.16.0.201807130628/tools/compiler/bin/../lib/gcc/arm-none-eabi/7.2.1/../../../../arm-none-eabi/lib/thumb/v7e-m/fpv4-sp/hard/crt0.o (memset)
/home/amin/Ac6/SystemWorkbench/plugins/fr.ac6.mcu.externaltools.arm-none.linux64_1.16.0.201807130628/tools/compiler/bin/../lib/gcc/arm-none-eabi/7.2.1/../../../../arm-none-eabi/lib/thumb/v7e-m/fpv4-sp/hard/libc_nano.a(lib_a-nano-freer.o)
                              /home/amin/Ac6/SystemWorkbench/plugins/fr.ac6.mcu.externaltools.arm-none.linux64_1.16.0.201807130628/tools/compiler/bin/../lib/gcc/arm-none-eabi/7.2.1/../../../../arm-none-eabi/lib/thumb/v7e-m/fpv4-sp/hard/libc_nano.a(lib_a-malloc.o) (_free_r)
/home/amin/Ac6/SystemWorkbench/plugins/fr.ac6.mcu.externaltools.arm-none.linux64_1.16.0.201807130628/tools/compiler/bin/../lib/gcc/arm-none-eabi/7.2.1/../../../../arm-none-eabi/lib/thumb/v7e-m/fpv4-sp/hard/libc_nano.a(lib_a-nano-mallocr.o)
[...]
Memory Configuration

Name             Origin             Length             Attributes
RAM              0x0000000020000000 0x0000000000020000 xrw
CCMRAM           0x0000000010000000 0x0000000000010000 rw
FLASH            0x0000000008000000 0x0000000000100000 xr
*default*        0x0000000000000000 0xffffffffffffffff

Linker script and memory map

LOAD /home/amin/Ac6/SystemWorkbench/plugins/fr.ac6.mcu.externaltools.arm-none.linux64_1.16.0.201807130628/tools/compiler/bin/../lib/gcc/arm-none-eabi/7.2.1/thumb/v7e-m/fpv4-sp/hard/crti.o
LOAD /home/amin/Ac6/SystemWorkbench/plugins/fr.ac6.mcu.externaltools.arm-none.linux64_1.16.0.201807130628/tools/compiler/bin/../lib/gcc/arm-none-eabi/7.2.1/thumb/v7e-m/fpv4-sp/hard/crtbegin.o
LOAD /home/amin/Ac6/SystemWorkbench/plugins/fr.ac6.mcu.externaltools.arm-none.linux64_1.16.0.201807130628/tools/compiler/bin/../lib/gcc/arm-none-eabi/7.2.1/../../../../arm-none-eabi/lib/thumb/v7e-m/fpv4-sp/hard/crt0.o
LOAD Drivers/STM32F4xx_HAL_Driver/Src/stm32f4xx_hal.o
LOAD Drivers/STM32F4xx_HAL_Driver/Src/stm32f4xx_hal_cortex.o
LOAD Drivers/STM32F4xx_HAL_Driver/Src/stm32f4xx_hal_dma.o
LOAD Drivers/STM32F4xx_HAL_Driver/Src/stm32f4xx_hal_dma_ex.o
LOAD Drivers/STM32F4xx_HAL_Driver/Src/stm32f4xx_hal_exti.o
LOAD Drivers/STM32F4xx_HAL_Driver/Src/stm32f4xx_hal_flash.o
LOAD Drivers/STM32F4xx_HAL_Driver/Src/stm32f4xx_hal_flash_ex.o
LOAD Drivers/STM32F4xx_HAL_Driver/Src/stm32f4xx_hal_flash_ramfunc.o
LOAD Drivers/STM32F4xx_HAL_Driver/Src/stm32f4xx_hal_gpio.o
LOAD Drivers/STM32F4xx_HAL_Driver/Src/stm32f4xx_hal_pwr.o
LOAD Drivers/STM32F4xx_HAL_Driver/Src/stm32f4xx_hal_pwr_ex.o
LOAD Drivers/STM32F4xx_HAL_Driver/Src/stm32f4xx_hal_rcc.o
LOAD Drivers/STM32F4xx_HAL_Driver/Src/stm32f4xx_hal_rcc_ex.o
LOAD Drivers/STM32F4xx_HAL_Driver/Src/stm32f4xx_hal_spi.o
LOAD Drivers/STM32F4xx_HAL_Driver/Src/stm32f4xx_hal_tim.o
LOAD Drivers/STM32F4xx_HAL_Driver/Src/stm32f4xx_hal_tim_ex.o
LOAD Drivers/STM32F4xx_HAL_Driver/Src/stm32f4xx_hal_uart.o
LOAD Src/CircularBuffer.o
LOAD Src/WIFIModule.o
LOAD Src/main.o
LOAD Src/stm32f4xx_hal_msp.o
LOAD Src/stm32f4xx_it.o
LOAD Src/syscalls.o
LOAD Src/system_stm32f4xx.o
LOAD startup/startup_stm32f407xx.o
LOAD /home/amin/Ac6/SystemWorkbench/plugins/fr.ac6.mcu.externaltools.arm-none.linux64_1.16.0.201807130628/tools/compiler/bin/../lib/gcc/arm-none-eabi/7.2.1/../../../../arm-none-eabi/lib/thumb/v7e-m/fpv4-sp/hard/libm.a
START GROUP
LOAD /home/amin/Ac6/SystemWorkbench/plugins/fr.ac6.mcu.externaltools.arm-none.linux64_1.16.0.201807130628/tools/compiler/bin/../lib/gcc/arm-none-eabi/7.2.1/thumb/v7e-m/fpv4-sp/hard/libgcc.a
LOAD /home/amin/Ac6/SystemWorkbench/plugins/fr.ac6.mcu.externaltools.arm-none.linux64_1.16.0.201807130628/tools/compiler/bin/../lib/gcc/arm-none-eabi/7.2.1/../../../../arm-none-eabi/lib/thumb/v7e-m/fpv4-sp/hard/libc_nano.a
END GROUP
START GROUP
LOAD /home/amin/Ac6/SystemWorkbench/plugins/fr.ac6.mcu.externaltools.arm-none.linux64_1.16.0.201807130628/tools/compiler/bin/../lib/gcc/arm-none-eabi/7.2.1/thumb/v7e-m/fpv4-sp/hard/libgcc.a
LOAD /home/amin/Ac6/SystemWorkbench/plugins/fr.ac6.mcu.externaltools.arm-none.linux64_1.16.0.201807130628/tools/compiler/bin/../lib/gcc/arm-none-eabi/7.2.1/../../../../arm-none-eabi/lib/thumb/v7e-m/fpv4-sp/hard/libc_nano.a
LOAD /home/amin/Ac6/SystemWorkbench/plugins/fr.ac6.mcu.externaltools.arm-none.linux64_1.16.0.201807130628/tools/compiler/bin/../lib/gcc/arm-none-eabi/7.2.1/../../../../arm-none-eabi/lib/thumb/v7e-m/fpv4-sp/hard/libnosys.a
END GROUP
START GROUP
LOAD /home/amin/Ac6/SystemWorkbench/plugins/fr.ac6.mcu.externaltools.arm-none.linux64_1.16.0.201807130628/tools/compiler/bin/../lib/gcc/arm-none-eabi/7.2.1/thumb/v7e-m/fpv4-sp/hard/libgcc.a
LOAD /home/amin/Ac6/SystemWorkbench/plugins/fr.ac6.mcu.externaltools.arm-none.linux64_1.16.0.201807130628/tools/compiler/bin/../lib/gcc/arm-none-eabi/7.2.1/../../../../arm-none-eabi/lib/thumb/v7e-m/fpv4-sp/hard/libc_nano.a
LOAD /home/amin/Ac6/SystemWorkbench/plugins/fr.ac6.mcu.externaltools.arm-none.linux64_1.16.0.201807130628/tools/compiler/bin/../lib/gcc/arm-none-eabi/7.2.1/../../../../arm-none-eabi/lib/thumb/v7e-m/fpv4-sp/hard/libnosys.a
END GROUP
LOAD /home/amin/Ac6/SystemWorkbench/plugins/fr.ac6.mcu.externaltools.arm-none.linux64_1.16.0.201807130628/tools/compiler/bin/../lib/gcc/arm-none-eabi/7.2.1/thumb/v7e-m/fpv4-sp/hard/crtend.o
LOAD /home/amin/Ac6/SystemWorkbench/plugins/fr.ac6.mcu.externaltools.arm-none.linux64_1.16.0.201807130628/tools/compiler/bin/../lib/gcc/arm-none-eabi/7.2.1/thumb/v7e-m/fpv4-sp/hard/crtn.o
                0x0000000020020000                _estack = 0x20020000
                0x0000000000000200                _Min_Heap_Size = 0x200
                0x0000000000000400                _Min_Stack_Size = 0x400

.isr_vector     0x0000000008000000      0x188
                0x0000000008000000                . = ALIGN (0x4)
 *(.isr_vector)
 .isr_vector    0x0000000008000000      0x188 startup/startup_stm32f407xx.o
                0x0000000008000000                g_pfnVectors
                0x0000000008000188                . = ALIGN (0x4)

.text           0x0000000008000188     0x15ac
                0x0000000008000188                . = ALIGN (0x4)
 *(.text)
 .text          0x0000000008000188       0x40 /home/amin/Ac6/SystemWorkbench/plugins/fr.ac6.mcu.externaltools.arm-none.linux64_1.16.0.201807130628/tools/compiler/bin/../lib/gcc/arm-none-eabi/7.2.1/thumb/v7e-m/fpv4-sp/hard/crtbegin.o
 .text          0x00000000080001c8       0x10 /home/amin/Ac6/SystemWorkbench/plugins/fr.ac6.mcu.externaltools.arm-none.linux64_1.16.0.201807130628/tools/compiler/bin/../lib/gcc/arm-none-eabi/7.2.1/../../../../arm-none-eabi/lib/thumb/v7e-m/fpv4-sp/hard/libc_nano.a(lib_a-strlen.o)
                0x00000000080001c8                strlen
 *(.text*)
 .text.HAL_InitTick
                0x00000000080001d8       0x48 Drivers/STM32F4xx_HAL_Driver/Src/stm32f4xx_hal.o
                0x00000000080001d8                HAL_InitTick
 .text.HAL_Init
                0x0000000008000220       0x34 Drivers/STM32F4xx_HAL_Driver/Src/stm32f4xx_hal.o
                0x0000000008000220                HAL_Init
 .text.HAL_IncTick
                0x0000000008000254       0x18 Drivers/STM32F4xx_HAL_Driver/Src/stm32f4xx_hal.o
                0x0000000008000254                HAL_IncTick
 .text.HAL_GetTick
                0x000000000800026c        0xc Drivers/STM32F4xx_HAL_Driver/Src/stm32f4xx_hal.o
                0x000000000800026c                HAL_GetTick
 .text.HAL_Delay
                0x0000000008000278       0x28 Drivers/STM32F4xx_HAL_Driver/Src/stm32f4xx_hal.o
                0x0000000008000278                HAL_Delay
 .text.HAL_NVIC_SetPriorityGrouping
                0x00000000080002a0       0x24 Drivers/STM32F4xx_HAL_Driver/Src/stm32f4xx_hal_cortex.o
                0x00000000080002a0                HAL_NVIC_SetPriorityGrouping
 .text.HAL_NVIC_SetPriority
                0x00000000080002c4       0x68 Drivers/STM32F4xx_HAL_Driver/Src/stm32f4xx_hal_cortex.o
                0x00000000080002c4                HAL_NVIC_SetPriority
 .text.HAL_NVIC_EnableIRQ
                0x000000000800032c       0x1c Drivers/STM32F4xx_HAL_Driver/Src/stm32f4xx_hal_cortex.o
                0x000000000800032c                HAL_NVIC_EnableIRQ
 .text.HAL_SYSTICK_Config
                0x0000000008000348       0x2c Drivers/STM32F4xx_HAL_Driver/Src/stm32f4xx_hal_cortex.o
                0x0000000008000348                HAL_SYSTICK_Config
 .text.HAL_DMA_Abort
                0x0000000008000374       0x94 Drivers/STM32F4xx_HAL_Driver/Src/stm32f4xx_hal_dma.o
                0x0000000008000374                HAL_DMA_Abort
 .text.HAL_DMA_Abort_IT
                0x0000000008000408       0x26 Drivers/STM32F4xx_HAL_Driver/Src/stm32f4xx_hal_dma.o
                0x0000000008000408                HAL_DMA_Abort_IT
 *fill*         0x000000000800042e        0x2 
 .text.HAL_GPIO_Init
                0x0000000008000430      0x1c8 Drivers/STM32F4xx_HAL_Driver/Src/stm32f4xx_hal_gpio.o
                0x0000000008000430                HAL_GPIO_Init
 .text.HAL_GPIO_WritePin
                0x00000000080005f8        0xc Drivers/STM32F4xx_HAL_Driver/Src/stm32f4xx_hal_gpio.o
                0x00000000080005f8                HAL_GPIO_WritePin
 .text.HAL_RCC_GetHCLKFreq
                0x0000000008000604        0xc Drivers/STM32F4xx_HAL_Driver/Src/stm32f4xx_hal_rcc.o
                0x0000000008000604                HAL_RCC_GetHCLKFreq
 .text.HAL_RCC_GetPCLK1Freq
                0x0000000008000610       0x20 Drivers/STM32F4xx_HAL_Driver/Src/stm32f4xx_hal_rcc.o
                0x0000000008000610                HAL_RCC_GetPCLK1Freq
 .text.HAL_RCC_GetPCLK2Freq
                0x0000000008000630       0x20 Drivers/STM32F4xx_HAL_Driver/Src/stm32f4xx_hal_rcc.o
                0x0000000008000630                HAL_RCC_GetPCLK2Freq
 .text.SPI_AbortRx_ISR
                0x0000000008000650       0x60 Drivers/STM32F4xx_HAL_Driver/Src/stm32f4xx_hal_spi.o
 .text.SPI_AbortTx_ISR
                0x00000000080006b0       0x1c Drivers/STM32F4xx_HAL_Driver/Src/stm32f4xx_hal_spi.o
 .text.HAL_SPI_Init
                0x00000000080006cc       0x80 Drivers/STM32F4xx_HAL_Driver/Src/stm32f4xx_hal_spi.o
                0x00000000080006cc                HAL_SPI_Init
 .text.HAL_SPI_Abort
                0x000000000800074c      0x144 Drivers/STM32F4xx_HAL_Driver/Src/stm32f4xx_hal_spi.o
                0x000000000800074c                HAL_SPI_Abort
 .text.UART_EndRxTransfer
                0x0000000008000890       0x1c Drivers/STM32F4xx_HAL_Driver/Src/stm32f4xx_hal_uart.o
 .text.UART_Transmit_IT
                0x00000000080008ac       0x68 Drivers/STM32F4xx_HAL_Driver/Src/stm32f4xx_hal_uart.o
 .text.UART_SetConfig
                0x0000000008000914      0x334 Drivers/STM32F4xx_HAL_Driver/Src/stm32f4xx_hal_uart.o
 .text.HAL_UART_Init
                0x0000000008000c48       0x5e Drivers/STM32F4xx_HAL_Driver/Src/stm32f4xx_hal_uart.o
                0x0000000008000c48                HAL_UART_Init
 .text.HAL_UART_TxCpltCallback
                0x0000000008000ca6        0x2 Drivers/STM32F4xx_HAL_Driver/Src/stm32f4xx_hal_uart.o
                0x0000000008000ca6                HAL_UART_TxCpltCallback
 .text.UART_EndTransmit_IT
                0x0000000008000ca8       0x1a Drivers/STM32F4xx_HAL_Driver/Src/stm32f4xx_hal_uart.o
 .text.HAL_UART_RxCpltCallback
                0x0000000008000cc2        0x2 Drivers/STM32F4xx_HAL_Driver/Src/stm32f4xx_hal_uart.o
                0x0000000008000cc2                HAL_UART_RxCpltCallback
 .text.UART_Receive_IT
                0x0000000008000cc4       0x9c Drivers/STM32F4xx_HAL_Driver/Src/stm32f4xx_hal_uart.o
 .text.HAL_UART_ErrorCallback
                0x0000000008000d60        0x2 Drivers/STM32F4xx_HAL_Driver/Src/stm32f4xx_hal_uart.o
                0x0000000008000d60                HAL_UART_ErrorCallback
 *fill*         0x0000000008000d62        0x2 
 .text.HAL_UART_IRQHandler
                0x0000000008000d64      0x120 Drivers/STM32F4xx_HAL_Driver/Src/stm32f4xx_hal_uart.o
                0x0000000008000d64                HAL_UART_IRQHandler
 .text.UART_DMAAbortOnError
                0x0000000008000e84       0x10 Drivers/STM32F4xx_HAL_Driver/Src/stm32f4xx_hal_uart.o
 .text.CircularBufferReset
                0x0000000008000e94        0xe Src/CircularBuffer.o
                0x0000000008000e94                CircularBufferReset
 .text.CircularBufferCreate
                0x0000000008000ea2       0x1c Src/CircularBuffer.o
                0x0000000008000ea2                CircularBufferCreate
 .text.CircularBufferGetDataSize
                0x0000000008000ebe        0x4 Src/CircularBuffer.o
                0x0000000008000ebe                CircularBufferGetDataSize
 .text.CircularBufferPush
                0x0000000008000ec2       0xc8 Src/CircularBuffer.o
                0x0000000008000ec2                CircularBufferPush
 .text.inter_circularBuffer_read
                0x0000000008000f8a       0xc2 Src/CircularBuffer.o
                0x0000000008000f8a                inter_circularBuffer_read
 .text.CircularBufferRead
                0x000000000800104c        0xa Src/CircularBuffer.o
                0x000000000800104c                CircularBufferRead
 *fill*         0x0000000008001056        0x2 
 .text.WIFIModuleInit
                0x0000000008001058       0x24 Src/WIFIModule.o
                0x0000000008001058                WIFIModuleInit
 .text.SendSSID
                0x000000000800107c       0x44 Src/WIFIModule.o
                0x000000000800107c                SendSSID
 .text.SendPassword
                0x00000000080010c0       0x44 Src/WIFIModule.o
                0x00000000080010c0                SendPassword
 .text.WIFIGetChar
                0x0000000008001104       0x1c Src/WIFIModule.o
                0x0000000008001104                WIFIGetChar
 .text.WIFIPutChar
                0x0000000008001120       0x5c Src/WIFIModule.o
                0x0000000008001120                WIFIPutChar
 .text.WIFIModuleSetWIFIName
                0x000000000800117c       0x18 Src/WIFIModule.o
                0x000000000800117c                WIFIModuleSetWIFIName
 .text.WIFIModuleSetWIFIPassword
                0x0000000008001194       0x18 Src/WIFIModule.o
                0x0000000008001194                WIFIModuleSetWIFIPassword
 .text.MX_GPIO_Init
                0x00000000080011ac       0x94 Src/main.o
 .text.MX_SPI2_Init
                0x0000000008001240       0x30 Src/main.o
 .text.MX_USART3_UART_Init
                0x0000000008001270       0x2c Src/main.o
 .text.MX_NVIC_Init
                0x000000000800129c       0x24 Src/main.o
 .text.main     0x00000000080012c0       0x60 Src/main.o
                0x00000000080012c0                main
 .text.HAL_MspInit
                0x0000000008001320       0x38 Src/stm32f4xx_hal_msp.o
                0x0000000008001320                HAL_MspInit
 .text.HAL_SPI_MspInit
                0x0000000008001358       0x9c Src/stm32f4xx_hal_msp.o
                0x0000000008001358                HAL_SPI_MspInit
 .text.HAL_UART_MspInit
                0x00000000080013f4       0x74 Src/stm32f4xx_hal_msp.o
                0x00000000080013f4                HAL_UART_MspInit
 .text.NMI_Handler
                0x0000000008001468        0x2 Src/stm32f4xx_it.o
                0x0000000008001468                NMI_Handler
 .text.HardFault_Handler
                0x000000000800146a        0x2 Src/stm32f4xx_it.o
                0x000000000800146a                HardFault_Handler
 .text.MemManage_Handler
                0x000000000800146c        0x2 Src/stm32f4xx_it.o
                0x000000000800146c                MemManage_Handler
 .text.BusFault_Handler
                0x000000000800146e        0x2 Src/stm32f4xx_it.o
                0x000000000800146e                BusFault_Handler
 .text.UsageFault_Handler
                0x0000000008001470        0x2 Src/stm32f4xx_it.o
                0x0000000008001470                UsageFault_Handler
 .text.SVC_Handler
                0x0000000008001472        0x2 Src/stm32f4xx_it.o
                0x0000000008001472                SVC_Handler
 .text.DebugMon_Handler
                0x0000000008001474        0x2 Src/stm32f4xx_it.o
                0x0000000008001474                DebugMon_Handler
 .text.PendSV_Handler
                0x0000000008001476        0x2 Src/stm32f4xx_it.o
                0x0000000008001476                PendSV_Handler
 .text.SysTick_Handler
                0x0000000008001478        0x8 Src/stm32f4xx_it.o
                0x0000000008001478                SysTick_Handler
 .text.SPI2_IRQHandler
                0x0000000008001480       0x30 Src/stm32f4xx_it.o
                0x0000000008001480                SPI2_IRQHandler
 .text.USART3_IRQHandler
                0x00000000080014b0       0x10 Src/stm32f4xx_it.o
                0x00000000080014b0                USART3_IRQHandler
 .text._sbrk    0x00000000080014c0       0x3c Src/syscalls.o
                0x00000000080014c0                _sbrk
 .text.SystemInit
                0x00000000080014fc       0x4c Src/system_stm32f4xx.o
                0x00000000080014fc                SystemInit
 .text.Reset_Handler
                0x0000000008001548       0x50 startup/startup_stm32f407xx.o
                0x0000000008001548                Reset_Handler
 .text.Default_Handler
                0x0000000008001598        0x2 startup/startup_stm32f407xx.o
                0x0000000008001598                RTC_Alarm_IRQHandler
                0x0000000008001598                HASH_RNG_IRQHandler
                0x0000000008001598                EXTI2_IRQHandler
                0x0000000008001598                TIM8_CC_IRQHandler
                0x0000000008001598                TIM1_CC_IRQHandler
                0x0000000008001598                DMA2_Stream5_IRQHandler
                0x0000000008001598                DMA1_Stream5_IRQHandler
                0x0000000008001598                PVD_IRQHandler
                0x0000000008001598                SDIO_IRQHandler
                0x0000000008001598                TAMP_STAMP_IRQHandler
                0x0000000008001598                CAN2_RX1_IRQHandler
                0x0000000008001598                EXTI3_IRQHandler
                0x0000000008001598                TIM8_TRG_COM_TIM14_IRQHandler
                0x0000000008001598                TIM1_UP_TIM10_IRQHandler
                0x0000000008001598                TIM8_UP_TIM13_IRQHandler
                0x0000000008001598                I2C3_ER_IRQHandler
                0x0000000008001598                EXTI0_IRQHandler
                0x0000000008001598                I2C2_EV_IRQHandler
                0x0000000008001598                DMA1_Stream2_IRQHandler
                0x0000000008001598                CAN1_RX0_IRQHandler
                0x0000000008001598                FPU_IRQHandler
                0x0000000008001598                OTG_HS_WKUP_IRQHandler
                0x0000000008001598                CAN2_SCE_IRQHandler
                0x0000000008001598                DMA2_Stream2_IRQHandler
                0x0000000008001598                SPI1_IRQHandler
                0x0000000008001598                TIM6_DAC_IRQHandler
                0x0000000008001598                TIM1_BRK_TIM9_IRQHandler
                0x0000000008001598                DCMI_IRQHandler
                0x0000000008001598                CAN2_RX0_IRQHandler
                0x0000000008001598                DMA2_Stream3_IRQHandler
                0x0000000008001598                USART6_IRQHandler
                0x0000000008001598                CAN1_RX1_IRQHandler
                0x0000000008001598                UART5_IRQHandler
                0x0000000008001598                DMA2_Stream0_IRQHandler
                0x0000000008001598                TIM4_IRQHandler
                0x0000000008001598                I2C1_EV_IRQHandler
                0x0000000008001598                DMA1_Stream6_IRQHandler
                0x0000000008001598                DMA1_Stream1_IRQHandler
                0x0000000008001598                UART4_IRQHandler
                0x0000000008001598                TIM3_IRQHandler
                0x0000000008001598                RCC_IRQHandler
                0x0000000008001598                TIM8_BRK_TIM12_IRQHandler
                0x0000000008001598                Default_Handler
                0x0000000008001598                EXTI15_10_IRQHandler
                0x0000000008001598                ADC_IRQHandler
                0x0000000008001598                DMA1_Stream7_IRQHandler
                0x0000000008001598                TIM7_IRQHandler
                0x0000000008001598                CAN2_TX_IRQHandler
                0x0000000008001598                TIM5_IRQHandler
                0x0000000008001598                DMA2_Stream7_IRQHandler
                0x0000000008001598                I2C3_EV_IRQHandler
                0x0000000008001598                EXTI9_5_IRQHandler
                0x0000000008001598                RTC_WKUP_IRQHandler
                0x0000000008001598                ETH_WKUP_IRQHandler
                0x0000000008001598                OTG_HS_EP1_IN_IRQHandler
                0x0000000008001598                DMA1_Stream0_IRQHandler
                0x0000000008001598                CAN1_TX_IRQHandler
                0x0000000008001598                EXTI4_IRQHandler
                0x0000000008001598                FSMC_IRQHandler
                0x0000000008001598                ETH_IRQHandler
                0x0000000008001598                OTG_HS_EP1_OUT_IRQHandler
                0x0000000008001598                WWDG_IRQHandler
                0x0000000008001598                TIM2_IRQHandler
                0x0000000008001598                OTG_FS_WKUP_IRQHandler
                0x0000000008001598                TIM1_TRG_COM_TIM11_IRQHandler
                0x0000000008001598                OTG_HS_IRQHandler
                0x0000000008001598                EXTI1_IRQHandler
                0x0000000008001598                USART2_IRQHandler
                0x0000000008001598                I2C2_ER_IRQHandler
                0x0000000008001598                DMA2_Stream1_IRQHandler
                0x0000000008001598                CAN1_SCE_IRQHandler
                0x0000000008001598                FLASH_IRQHandler
                0x0000000008001598                DMA2_Stream4_IRQHandler
                0x0000000008001598                USART1_IRQHandler
                0x0000000008001598                OTG_FS_IRQHandler
                0x0000000008001598                SPI3_IRQHandler
                0x0000000008001598                DMA1_Stream4_IRQHandler
                0x0000000008001598                I2C1_ER_IRQHandler
                0x0000000008001598                DMA2_Stream6_IRQHandler
                0x0000000008001598                DMA1_Stream3_IRQHandler
 *fill*         0x000000000800159a        0x2 
 .text.__errno  0x000000000800159c        0xc /home/amin/Ac6/SystemWorkbench/plugins/fr.ac6.mcu.externaltools.arm-none.linux64_1.16.0.201807130628/tools/compiler/bin/../lib/gcc/arm-none-eabi/7.2.1/../../../../arm-none-eabi/lib/thumb/v7e-m/fpv4-sp/hard/libc_nano.a(lib_a-errno.o)
                0x000000000800159c                __errno
 .text.__libc_init_array
                0x00000000080015a8       0x48 /home/amin/Ac6/SystemWorkbench/plugins/fr.ac6.mcu.externaltools.arm-none.linux64_1.16.0.201807130628/tools/compiler/bin/../lib/gcc/arm-none-eabi/7.2.1/../../../../arm-none-eabi/lib/thumb/v7e-m/fpv4-sp/hard/libc_nano.a(lib_a-init.o)
                0x00000000080015a8                __libc_init_array
 .text.malloc   0x00000000080015f0       0x10 /home/amin/Ac6/SystemWorkbench/plugins/fr.ac6.mcu.externaltools.arm-none.linux64_1.16.0.201807130628/tools/compiler/bin/../lib/gcc/arm-none-eabi/7.2.1/../../../../arm-none-eabi/lib/thumb/v7e-m/fpv4-sp/hard/libc_nano.a(lib_a-malloc.o)
                0x00000000080015f0                malloc
 .text.memcpy   0x0000000008001600       0x16 /home/amin/Ac6/SystemWorkbench/plugins/fr.ac6.mcu.externaltools.arm-none.linux64_1.16.0.201807130628/tools/compiler/bin/../lib/gcc/arm-none-eabi/7.2.1/../../../../arm-none-eabi/lib/thumb/v7e-m/fpv4-sp/hard/libc_nano.a(lib_a-memcpy-stub.o)
                0x0000000008001600                memcpy
 *fill*         0x0000000008001616        0x2 
 .text._malloc_r
                0x0000000008001618       0xb4 /home/amin/Ac6/SystemWorkbench/plugins/fr.ac6.mcu.externaltools.arm-none.linux64_1.16.0.201807130628/tools/compiler/bin/../lib/gcc/arm-none-eabi/7.2.1/../../../../arm-none-eabi/lib/thumb/v7e-m/fpv4-sp/hard/libc_nano.a(lib_a-nano-mallocr.o)
                0x0000000008001618                _malloc_r
 .text._sbrk_r  0x00000000080016cc       0x20 /home/amin/Ac6/SystemWorkbench/plugins/fr.ac6.mcu.externaltools.arm-none.linux64_1.16.0.201807130628/tools/compiler/bin/../lib/gcc/arm-none-eabi/7.2.1/../../../../arm-none-eabi/lib/thumb/v7e-m/fpv4-sp/hard/libc_nano.a(lib_a-sbrkr.o)
                0x00000000080016cc                _sbrk_r
 .text.strncpy  0x00000000080016ec       0x2a /home/amin/Ac6/SystemWorkbench/plugins/fr.ac6.mcu.externaltools.arm-none.linux64_1.16.0.201807130628/tools/compiler/bin/../lib/gcc/arm-none-eabi/7.2.1/../../../../arm-none-eabi/lib/thumb/v7e-m/fpv4-sp/hard/libc_nano.a(lib_a-strncpy.o)
                0x00000000080016ec                strncpy
 .text.__malloc_lock
                0x0000000008001716        0x2 /home/amin/Ac6/SystemWorkbench/plugins/fr.ac6.mcu.externaltools.arm-none.linux64_1.16.0.201807130628/tools/compiler/bin/../lib/gcc/arm-none-eabi/7.2.1/../../../../arm-none-eabi/lib/thumb/v7e-m/fpv4-sp/hard/libc_nano.a(lib_a-mlock.o)
                0x0000000008001716                __malloc_lock
 .text.__malloc_unlock
                0x0000000008001718        0x2 /home/amin/Ac6/SystemWorkbench/plugins/fr.ac6.mcu.externaltools.arm-none.linux64_1.16.0.201807130628/tools/compiler/bin/../lib/gcc/arm-none-eabi/7.2.1/../../../../arm-none-eabi/lib/thumb/v7e-m/fpv4-sp/hard/libc_nano.a(lib_a-mlock.o)
                0x0000000008001718                __malloc_unlock
 *(.glue_7)
 .glue_7        0x000000000800171a        0x0 linker stubs
 *(.glue_7t)
 .glue_7t       0x000000000800171a        0x0 linker stubs
 *(.eh_frame)
 *fill*         0x000000000800171a        0x2 
 .eh_frame      0x000000000800171c        0x0 /home/amin/Ac6/SystemWorkbench/plugins/fr.ac6.mcu.externaltools.arm-none.linux64_1.16.0.201807130628/tools/compiler/bin/../lib/gcc/arm-none-eabi/7.2.1/thumb/v7e-m/fpv4-sp/hard/crtbegin.o
 *(.init)
 .init          0x000000000800171c        0x4 /home/amin/Ac6/SystemWorkbench/plugins/fr.ac6.mcu.externaltools.arm-none.linux64_1.16.0.201807130628/tools/compiler/bin/../lib/gcc/arm-none-eabi/7.2.1/thumb/v7e-m/fpv4-sp/hard/crti.o
                0x000000000800171c                _init
 .init          0x0000000008001720        0x8 /home/amin/Ac6/SystemWorkbench/plugins/fr.ac6.mcu.externaltools.arm-none.linux64_1.16.0.201807130628/tools/compiler/bin/../lib/gcc/arm-none-eabi/7.2.1/thumb/v7e-m/fpv4-sp/hard/crtn.o
 *(.fini)
 .fini          0x0000000008001728        0x4 /home/amin/Ac6/SystemWorkbench/plugins/fr.ac6.mcu.externaltools.arm-none.linux64_1.16.0.201807130628/tools/compiler/bin/../lib/gcc/arm-none-eabi/7.2.1/thumb/v7e-m/fpv4-sp/hard/crti.o
                0x0000000008001728                _fini
 .fini          0x000000000800172c        0x8 /home/amin/Ac6/SystemWorkbench/plugins/fr.ac6.mcu.externaltools.arm-none.linux64_1.16.0.201807130628/tools/compiler/bin/../lib/gcc/arm-none-eabi/7.2.1/thumb/v7e-m/fpv4-sp/hard/crtn.o
                0x0000000008001734                . = ALIGN (0x4)
                0x0000000008001734                _etext = .

.vfp11_veneer   0x0000000008001734        0x0
 .vfp11_veneer  0x0000000008001734        0x0 linker stubs

.v4_bx          0x0000000008001734        0x0
 .v4_bx         0x0000000008001734        0x0 linker stubs

.iplt           0x0000000008001734        0x0
 .iplt          0x0000000008001734        0x0 /home/amin/Ac6/SystemWorkbench/plugins/fr.ac6.mcu.externaltools.arm-none.linux64_1.16.0.201807130628/tools/compiler/bin/../lib/gcc/arm-none-eabi/7.2.1/thumb/v7e-m/fpv4-sp/hard/crtbegin.o

.rodata         0x0000000008001734       0x8c
                0x0000000008001734                . = ALIGN (0x4)
 *(.rodata)
 .rodata        0x0000000008001734       0x18 Src/system_stm32f4xx.o
                0x0000000008001734                AHBPrescTable
                0x0000000008001744                APBPrescTable
 *(.rodata*)
 .rodata.str1.4
                0x000000000800174c       0x14 Src/main.o
                                         0x11 (size before relaxing)
 .rodata.__sf_fake_stderr
                0x0000000008001760       0x20 /home/amin/Ac6/SystemWorkbench/plugins/fr.ac6.mcu.externaltools.arm-none.linux64_1.16.0.201807130628/tools/compiler/bin/../lib/gcc/arm-none-eabi/7.2.1/../../../../arm-none-eabi/lib/thumb/v7e-m/fpv4-sp/hard/libc_nano.a(lib_a-findfp.o)
                0x0000000008001760                __sf_fake_stderr
 .rodata.__sf_fake_stdin
                0x0000000008001780       0x20 /home/amin/Ac6/SystemWorkbench/plugins/fr.ac6.mcu.externaltools.arm-none.linux64_1.16.0.201807130628/tools/compiler/bin/../lib/gcc/arm-none-eabi/7.2.1/../../../../arm-none-eabi/lib/thumb/v7e-m/fpv4-sp/hard/libc_nano.a(lib_a-findfp.o)
                0x0000000008001780                __sf_fake_stdin
 .rodata.__sf_fake_stdout
                0x00000000080017a0       0x20 /home/amin/Ac6/SystemWorkbench/plugins/fr.ac6.mcu.externaltools.arm-none.linux64_1.16.0.201807130628/tools/compiler/bin/../lib/gcc/arm-none-eabi/7.2.1/../../../../arm-none-eabi/lib/thumb/v7e-m/fpv4-sp/hard/libc_nano.a(lib_a-findfp.o)
                0x00000000080017a0                __sf_fake_stdout
                0x00000000080017c0                . = ALIGN (0x4)

.rel.dyn        0x00000000080017c0        0x0
 .rel.iplt      0x00000000080017c0        0x0 /home/amin/Ac6/SystemWorkbench/plugins/fr.ac6.mcu.externaltools.arm-none.linux64_1.16.0.201807130628/tools/compiler/bin/../lib/gcc/arm-none-eabi/7.2.1/thumb/v7e-m/fpv4-sp/hard/crtbegin.o

.ARM.extab
 *(.ARM.extab* .gnu.linkonce.armextab.*)

.ARM            0x00000000080017c0        0x0
                0x00000000080017c0                __exidx_start = .
 *(.ARM.exidx*)
                0x00000000080017c0                __exidx_end = .

.preinit_array  0x00000000080017c0        0x0
                0x00000000080017c0                PROVIDE (__preinit_array_start, .)
 *(.preinit_array*)
                0x00000000080017c0                PROVIDE (__preinit_array_end, .)

.init_array     0x00000000080017c0        0x4
                0x00000000080017c0                PROVIDE (__init_array_start, .)
 *(SORT_BY_NAME(.init_array.*))
 *(.init_array*)
 .init_array    0x00000000080017c0        0x4 /home/amin/Ac6/SystemWorkbench/plugins/fr.ac6.mcu.externaltools.arm-none.linux64_1.16.0.201807130628/tools/compiler/bin/../lib/gcc/arm-none-eabi/7.2.1/thumb/v7e-m/fpv4-sp/hard/crtbegin.o
                0x00000000080017c4                PROVIDE (__init_array_end, .)

.fini_array     0x00000000080017c4        0x4
                [!provide]                        PROVIDE (__fini_array_start, .)
 *(SORT_BY_NAME(.fini_array.*))
 *(.fini_array*)
 .fini_array    0x00000000080017c4        0x4 /home/amin/Ac6/SystemWorkbench/plugins/fr.ac6.mcu.externaltools.arm-none.linux64_1.16.0.201807130628/tools/compiler/bin/../lib/gcc/arm-none-eabi/7.2.1/thumb/v7e-m/fpv4-sp/hard/crtbegin.o
                [!provide]                        PROVIDE (__fini_array_end, .)
                0x00000000080017c8                _sidata = LOADADDR (.data)

.data           0x0000000020000000       0x70 load address 0x00000000080017c8
                0x0000000020000000                . = ALIGN (0x4)
                0x0000000020000000                _sdata = .
 *(.data)
 .data          0x0000000020000000        0x8 Drivers/STM32F4xx_HAL_Driver/Src/stm32f4xx_hal.o
                0x0000000020000000                uwTickFreq
                0x0000000020000004                uwTickPrio
 .data          0x0000000020000008        0x4 Src/system_stm32f4xx.o
                0x0000000020000008                SystemCoreClock
 *(.data*)
 .data._impure_ptr
                0x000000002000000c        0x4 /home/amin/Ac6/SystemWorkbench/plugins/fr.ac6.mcu.externaltools.arm-none.linux64_1.16.0.201807130628/tools/compiler/bin/../lib/gcc/arm-none-eabi/7.2.1/../../../../arm-none-eabi/lib/thumb/v7e-m/fpv4-sp/hard/libc_nano.a(lib_a-impure.o)
                0x000000002000000c                _impure_ptr
 .data.impure_data
                0x0000000020000010       0x60 /home/amin/Ac6/SystemWorkbench/plugins/fr.ac6.mcu.externaltools.arm-none.linux64_1.16.0.201807130628/tools/compiler/bin/../lib/gcc/arm-none-eabi/7.2.1/../../../../arm-none-eabi/lib/thumb/v7e-m/fpv4-sp/hard/libc_nano.a(lib_a-impure.o)
                0x0000000020000070                . = ALIGN (0x4)
                0x0000000020000070                _edata = .
                0x0000000008001838                _siccmram = LOADADDR (.ccmram)

.igot.plt       0x0000000020000070        0x0 load address 0x0000000008001838
 .igot.plt      0x0000000020000070        0x0 /home/amin/Ac6/SystemWorkbench/plugins/fr.ac6.mcu.externaltools.arm-none.linux64_1.16.0.201807130628/tools/compiler/bin/../lib/gcc/arm-none-eabi/7.2.1/thumb/v7e-m/fpv4-sp/hard/crtbegin.o

.ccmram         0x0000000010000000        0x0 load address 0x0000000008001838
                0x0000000010000000                . = ALIGN (0x4)
                0x0000000010000000                _sccmram = .
 *(.ccmram)
 *(.ccmram*)
                0x0000000010000000                . = ALIGN (0x4)
                0x0000000010000000                _eccmram = .
                0x0000000010000000                . = ALIGN (0x4)

.bss            0x0000000020000070      0x174
                0x0000000020000070                _sbss = .
                0x0000000020000070                __bss_start__ = _sbss
 *(.bss)
 .bss           0x0000000020000070       0x1c /home/amin/Ac6/SystemWorkbench/plugins/fr.ac6.mcu.externaltools.arm-none.linux64_1.16.0.201807130628/tools/compiler/bin/../lib/gcc/arm-none-eabi/7.2.1/thumb/v7e-m/fpv4-sp/hard/crtbegin.o
 .bss           0x000000002000008c        0x8 Src/syscalls.o
                0x0000000020000090                __env
 *(.bss*)
 .bss.__malloc_free_list
                0x0000000020000094        0x4 /home/amin/Ac6/SystemWorkbench/plugins/fr.ac6.mcu.externaltools.arm-none.linux64_1.16.0.201807130628/tools/compiler/bin/../lib/gcc/arm-none-eabi/7.2.1/../../../../arm-none-eabi/lib/thumb/v7e-m/fpv4-sp/hard/libc_nano.a(lib_a-nano-mallocr.o)
                0x0000000020000094                __malloc_free_list
 .bss.__malloc_sbrk_start
                0x0000000020000098        0x4 /home/amin/Ac6/SystemWorkbench/plugins/fr.ac6.mcu.externaltools.arm-none.linux64_1.16.0.201807130628/tools/compiler/bin/../lib/gcc/arm-none-eabi/7.2.1/../../../../arm-none-eabi/lib/thumb/v7e-m/fpv4-sp/hard/libc_nano.a(lib_a-nano-mallocr.o)
                0x0000000020000098                __malloc_sbrk_start
 *(COMMON)
 COMMON         0x000000002000009c        0x4 Drivers/STM32F4xx_HAL_Driver/Src/stm32f4xx_hal.o
                0x000000002000009c                uwTick
 COMMON         0x00000000200000a0       0x7a Src/WIFIModule.o
                0x00000000200000a0                WIFIBuffer
                0x00000000200000a4                Response
                0x00000000200000d8                Password
                0x00000000200000f8                ResponseIndex
                0x00000000200000fc                SSID
 *fill*         0x000000002000011a        0x2 
 COMMON         0x000000002000011c       0xc2 Src/main.o
                0x000000002000011c                temp_main
                0x0000000020000130                hspi2
                0x0000000020000188                huart3
                0x00000000200001c8                RxBuffer
                0x00000000200001d2                SPIStatus
                0x00000000200001d4                TxBuffer
 *fill*         0x00000000200001de        0x2 
 COMMON         0x00000000200001e0        0x4 /home/amin/Ac6/SystemWorkbench/plugins/fr.ac6.mcu.externaltools.arm-none.linux64_1.16.0.201807130628/tools/compiler/bin/../lib/gcc/arm-none-eabi/7.2.1/../../../../arm-none-eabi/lib/thumb/v7e-m/fpv4-sp/hard/libc_nano.a(lib_a-reent.o)
                0x00000000200001e0                errno
                0x00000000200001e4                . = ALIGN (0x4)
                0x00000000200001e4                _ebss = .
                0x00000000200001e4                __bss_end__ = _ebss

._user_heap_stack
                0x00000000200001e4      0x604
                0x00000000200001e8                . = ALIGN (0x8)
 *fill*         0x00000000200001e4        0x4 
                0x00000000200001e8                PROVIDE (end, .)
                [!provide]                        PROVIDE (_end, .)
                0x00000000200003e8                . = (. + _Min_Heap_Size)
 *fill*         0x00000000200001e8      0x200 
                0x00000000200007e8                . = (. + _Min_Stack_Size)
 *fill*         0x00000000200003e8      0x400 
                0x00000000200007e8                . = ALIGN (0x8)

/DISCARD/
 libc.a(*)
 libm.a(*)
 libgcc.a(*)

.ARM.attributes
                0x0000000000000000       0x30
 *(.ARM.attributes)
 .ARM.attributes
                0x0000000000000000       0x22 /home/amin/Ac6/SystemWorkbench/plugins/fr.ac6.mcu.externaltools.arm-none.linux64_1.16.0.201807130628/tools/compiler/bin/../lib/gcc/arm-none-eabi/7.2.1/thumb/v7e-m/fpv4-sp/hard/crti.o
 .ARM.attributes
                0x0000000000000022       0x34 /home/amin/Ac6/SystemWorkbench/plugins/fr.ac6.mcu.externaltools.arm-none.linux64_1.16.0.201807130628/tools/compiler/bin/../lib/gcc/arm-none-eabi/7.2.1/thumb/v7e-m/fpv4-sp/hard/crtbegin.o
 .ARM.attributes
                0x0000000000000056       0x39 Drivers/STM32F4xx_HAL_Driver/Src/stm32f4xx_hal.o
 .ARM.attributes
                0x000000000000008f       0x39 Drivers/STM32F4xx_HAL_Driver/Src/stm32f4xx_hal_cortex.o
 .ARM.attributes
                0x00000000000000c8       0x39 Drivers/STM32F4xx_HAL_Driver/Src/stm32f4xx_hal_dma.o
 .ARM.attributes
                0x0000000000000101       0x39 Drivers/STM32F4xx_HAL_Driver/Src/stm32f4xx_hal_gpio.o
 .ARM.attributes
                0x000000000000013a       0x39 Drivers/STM32F4xx_HAL_Driver/Src/stm32f4xx_hal_rcc.o
 .ARM.attributes
                0x0000000000000173       0x39 Drivers/STM32F4xx_HAL_Driver/Src/stm32f4xx_hal_spi.o
 .ARM.attributes
                0x00000000000001ac       0x39 Drivers/STM32F4xx_HAL_Driver/Src/stm32f4xx_hal_uart.o
 .ARM.attributes
                0x00000000000001e5       0x39 Src/CircularBuffer.o
 .ARM.attributes
                0x000000000000021e       0x39 Src/WIFIModule.o
 .ARM.attributes
                0x0000000000000257       0x39 Src/main.o
 .ARM.attributes
                0x0000000000000290       0x39 Src/stm32f4xx_hal_msp.o
 .ARM.attributes
                0x00000000000002c9       0x39 Src/stm32f4xx_it.o
 .ARM.attributes
                0x0000000000000302       0x39 Src/syscalls.o
 .ARM.attributes
                0x000000000000033b       0x39 Src/system_stm32f4xx.o
 .ARM.attributes
                0x0000000000000374       0x21 startup/startup_stm32f407xx.o
 .ARM.attributes
                0x0000000000000395       0x34 /home/amin/Ac6/SystemWorkbench/plugins/fr.ac6.mcu.externaltools.arm-none.linux64_1.16.0.201807130628/tools/compiler/bin/../lib/gcc/arm-none-eabi/7.2.1/../../../../arm-none-eabi/lib/thumb/v7e-m/fpv4-sp/hard/libc_nano.a(lib_a-errno.o)
 .ARM.attributes
                0x00000000000003c9       0x34 /home/amin/Ac6/SystemWorkbench/plugins/fr.ac6.mcu.externaltools.arm-none.linux64_1.16.0.201807130628/tools/compiler/bin/../lib/gcc/arm-none-eabi/7.2.1/../../../../arm-none-eabi/lib/thumb/v7e-m/fpv4-sp/hard/libc_nano.a(lib_a-impure.o)
 .ARM.attributes
                0x00000000000003fd       0x34 /home/amin/Ac6/SystemWorkbench/plugins/fr.ac6.mcu.externaltools.arm-none.linux64_1.16.0.201807130628/tools/compiler/bin/../lib/gcc/arm-none-eabi/7.2.1/../../../../arm-none-eabi/lib/thumb/v7e-m/fpv4-sp/hard/libc_nano.a(lib_a-init.o)
 .ARM.attributes
                0x0000000000000431       0x34 /home/amin/Ac6/SystemWorkbench/plugins/fr.ac6.mcu.externaltools.arm-none.linux64_1.16.0.201807130628/tools/compiler/bin/../lib/gcc/arm-none-eabi/7.2.1/../../../../arm-none-eabi/lib/thumb/v7e-m/fpv4-sp/hard/libc_nano.a(lib_a-malloc.o)
 .ARM.attributes
                0x0000000000000465       0x34 /home/amin/Ac6/SystemWorkbench/plugins/fr.ac6.mcu.externaltools.arm-none.linux64_1.16.0.201807130628/tools/compiler/bin/../lib/gcc/arm-none-eabi/7.2.1/../../../../arm-none-eabi/lib/thumb/v7e-m/fpv4-sp/hard/libc_nano.a(lib_a-memcpy-stub.o)
 .ARM.attributes
                0x0000000000000499       0x34 /home/amin/Ac6/SystemWorkbench/plugins/fr.ac6.mcu.externaltools.arm-none.linux64_1.16.0.201807130628/tools/compiler/bin/../lib/gcc/arm-none-eabi/7.2.1/../../../../arm-none-eabi/lib/thumb/v7e-m/fpv4-sp/hard/libc_nano.a(lib_a-nano-mallocr.o)
 .ARM.attributes
                0x00000000000004cd       0x34 /home/amin/Ac6/SystemWorkbench/plugins/fr.ac6.mcu.externaltools.arm-none.linux64_1.16.0.201807130628/tools/compiler/bin/../lib/gcc/arm-none-eabi/7.2.1/../../../../arm-none-eabi/lib/thumb/v7e-m/fpv4-sp/hard/libc_nano.a(lib_a-sbrkr.o)
 .ARM.attributes
                0x0000000000000501       0x1b /home/amin/Ac6/SystemWorkbench/plugins/fr.ac6.mcu.externaltools.arm-none.linux64_1.16.0.201807130628/tools/compiler/bin/../lib/gcc/arm-none-eabi/7.2.1/../../../../arm-none-eabi/lib/thumb/v7e-m/fpv4-sp/hard/libc_nano.a(lib_a-strlen.o)
 .ARM.attributes
                0x000000000000051c       0x34 /home/amin/Ac6/SystemWorkbench/plugins/fr.ac6.mcu.externaltools.arm-none.linux64_1.16.0.201807130628/tools/compiler/bin/../lib/gcc/arm-none-eabi/7.2.1/../../../../arm-none-eabi/lib/thumb/v7e-m/fpv4-sp/hard/libc_nano.a(lib_a-strncpy.o)
 .ARM.attributes
                0x0000000000000550       0x34 /home/amin/Ac6/SystemWorkbench/plugins/fr.ac6.mcu.externaltools.arm-none.linux64_1.16.0.201807130628/tools/compiler/bin/../lib/gcc/arm-none-eabi/7.2.1/../../../../arm-none-eabi/lib/thumb/v7e-m/fpv4-sp/hard/libc_nano.a(lib_a-findfp.o)
 .ARM.attributes
                0x0000000000000584       0x34 /home/amin/Ac6/SystemWorkbench/plugins/fr.ac6.mcu.externaltools.arm-none.linux64_1.16.0.201807130628/tools/compiler/bin/../lib/gcc/arm-none-eabi/7.2.1/../../../../arm-none-eabi/lib/thumb/v7e-m/fpv4-sp/hard/libc_nano.a(lib_a-mlock.o)
 .ARM.attributes
                0x00000000000005b8       0x34 /home/amin/Ac6/SystemWorkbench/plugins/fr.ac6.mcu.externaltools.arm-none.linux64_1.16.0.201807130628/tools/compiler/bin/../lib/gcc/arm-none-eabi/7.2.1/../../../../arm-none-eabi/lib/thumb/v7e-m/fpv4-sp/hard/libc_nano.a(lib_a-reent.o)
 .ARM.attributes
                0x00000000000005ec       0x22 /home/amin/Ac6/SystemWorkbench/plugins/fr.ac6.mcu.externaltools.arm-none.linux64_1.16.0.201807130628/tools/compiler/bin/../lib/gcc/arm-none-eabi/7.2.1/thumb/v7e-m/fpv4-sp/hard/crtn.o
OUTPUT(Firmware.elf elf32-littlearm)

.debug_info     0x0000000000000000     0xda55
 .debug_info    0x0000000000000000      0x9cc Drivers/STM32F4xx_HAL_Driver/Src/stm32f4xx_hal.o
 .debug_info    0x00000000000009cc      0xf3a Drivers/STM32F4xx_HAL_Driver/Src/stm32f4xx_hal_cortex.o
 .debug_info    0x0000000000001906      0xa5b Drivers/STM32F4xx_HAL_Driver/Src/stm32f4xx_hal_dma.o
 .debug_info    0x0000000000002361      0x770 Drivers/STM32F4xx_HAL_Driver/Src/stm32f4xx_hal_gpio.o
 .debug_info    0x0000000000002ad1      0xa39 Drivers/STM32F4xx_HAL_Driver/Src/stm32f4xx_hal_rcc.o
 .debug_info    0x000000000000350a     0x1b39 Drivers/STM32F4xx_HAL_Driver/Src/stm32f4xx_hal_spi.o
 .debug_info    0x0000000000005043     0x1730 Drivers/STM32F4xx_HAL_Driver/Src/stm32f4xx_hal_uart.o
 .debug_info    0x0000000000006773      0xed4 Src/CircularBuffer.o
 .debug_info    0x0000000000007647      0xb7f Src/WIFIModule.o
 .debug_info    0x00000000000081c6     0x1a68 Src/main.o
 .debug_info    0x0000000000009c2e     0x173b Src/stm32f4xx_hal_msp.o
 .debug_info    0x000000000000b369     0x11f0 Src/stm32f4xx_it.o
 .debug_info    0x000000000000c559      0xfd3 Src/syscalls.o
 .debug_info    0x000000000000d52c      0x507 Src/system_stm32f4xx.o
 .debug_info    0x000000000000da33       0x22 startup/startup_stm32f407xx.o

.debug_abbrev   0x0000000000000000     0x2114
 .debug_abbrev  0x0000000000000000      0x1f1 Drivers/STM32F4xx_HAL_Driver/Src/stm32f4xx_hal.o
 .debug_abbrev  0x00000000000001f1      0x328 Drivers/STM32F4xx_HAL_Driver/Src/stm32f4xx_hal_cortex.o
 .debug_abbrev  0x0000000000000519      0x290 Drivers/STM32F4xx_HAL_Driver/Src/stm32f4xx_hal_dma.o
 .debug_abbrev  0x00000000000007a9      0x1e7 Drivers/STM32F4xx_HAL_Driver/Src/stm32f4xx_hal_gpio.o
 .debug_abbrev  0x0000000000000990      0x273 Drivers/STM32F4xx_HAL_Driver/Src/stm32f4xx_hal_rcc.o
 .debug_abbrev  0x0000000000000c03      0x249 Drivers/STM32F4xx_HAL_Driver/Src/stm32f4xx_hal_spi.o
 .debug_abbrev  0x0000000000000e4c      0x270 Drivers/STM32F4xx_HAL_Driver/Src/stm32f4xx_hal_uart.o
 .debug_abbrev  0x00000000000010bc      0x26f Src/CircularBuffer.o
 .debug_abbrev  0x000000000000132b      0x25c Src/WIFIModule.o
 .debug_abbrev  0x0000000000001587      0x2e7 Src/main.o
 .debug_abbrev  0x000000000000186e      0x25d Src/stm32f4xx_hal_msp.o
 .debug_abbrev  0x0000000000001acb      0x252 Src/stm32f4xx_it.o
 .debug_abbrev  0x0000000000001d1d      0x2d4 Src/syscalls.o
 .debug_abbrev  0x0000000000001ff1      0x111 Src/system_stm32f4xx.o
 .debug_abbrev  0x0000000000002102       0x12 startup/startup_stm32f407xx.o

.debug_loc      0x0000000000000000     0x55ba
 .debug_loc     0x0000000000000000       0xfd Drivers/STM32F4xx_HAL_Driver/Src/stm32f4xx_hal.o
 .debug_loc     0x00000000000000fd      0x5ce Drivers/STM32F4xx_HAL_Driver/Src/stm32f4xx_hal_cortex.o
 .debug_loc     0x00000000000006cb      0xb4e Drivers/STM32F4xx_HAL_Driver/Src/stm32f4xx_hal_dma.o
 .debug_loc     0x0000000000001219      0x497 Drivers/STM32F4xx_HAL_Driver/Src/stm32f4xx_hal_gpio.o
 .debug_loc     0x00000000000016b0      0x3f1 Drivers/STM32F4xx_HAL_Driver/Src/stm32f4xx_hal_rcc.o
 .debug_loc     0x0000000000001aa1     0x1969 Drivers/STM32F4xx_HAL_Driver/Src/stm32f4xx_hal_spi.o
 .debug_loc     0x000000000000340a     0x154f Drivers/STM32F4xx_HAL_Driver/Src/stm32f4xx_hal_uart.o
 .debug_loc     0x0000000000004959      0x5bd Src/CircularBuffer.o
 .debug_loc     0x0000000000004f16       0xcf Src/WIFIModule.o
 .debug_loc     0x0000000000004fe5       0xe8 Src/stm32f4xx_hal_msp.o
 .debug_loc     0x00000000000050cd      0x3af Src/syscalls.o
 .debug_loc     0x000000000000547c      0x13e Src/system_stm32f4xx.o

.debug_aranges  0x0000000000000000      0x968
 .debug_aranges
                0x0000000000000000       0xf0 Drivers/STM32F4xx_HAL_Driver/Src/stm32f4xx_hal.o
 .debug_aranges
                0x00000000000000f0       0xa8 Drivers/STM32F4xx_HAL_Driver/Src/stm32f4xx_hal_cortex.o
 .debug_aranges
                0x0000000000000198       0x90 Drivers/STM32F4xx_HAL_Driver/Src/stm32f4xx_hal_dma.o
 .debug_aranges
                0x0000000000000228       0x58 Drivers/STM32F4xx_HAL_Driver/Src/stm32f4xx_hal_gpio.o
 .debug_aranges
                0x0000000000000280       0x88 Drivers/STM32F4xx_HAL_Driver/Src/stm32f4xx_hal_rcc.o
 .debug_aranges
                0x0000000000000308      0x1d0 Drivers/STM32F4xx_HAL_Driver/Src/stm32f4xx_hal_spi.o
 .debug_aranges
                0x00000000000004d8      0x1d0 Drivers/STM32F4xx_HAL_Driver/Src/stm32f4xx_hal_uart.o
 .debug_aranges
                0x00000000000006a8       0x70 Src/CircularBuffer.o
 .debug_aranges
                0x0000000000000718       0x50 Src/WIFIModule.o
 .debug_aranges
                0x0000000000000768       0x50 Src/main.o
 .debug_aranges
                0x00000000000007b8       0x40 Src/stm32f4xx_hal_msp.o
 .debug_aranges
                0x00000000000007f8       0x70 Src/stm32f4xx_it.o
 .debug_aranges
                0x0000000000000868       0xb0 Src/syscalls.o
 .debug_aranges
                0x0000000000000918       0x28 Src/system_stm32f4xx.o
 .debug_aranges
                0x0000000000000940       0x28 startup/startup_stm32f407xx.o

.debug_ranges   0x0000000000000000      0x910
 .debug_ranges  0x0000000000000000       0xe0 Drivers/STM32F4xx_HAL_Driver/Src/stm32f4xx_hal.o
 .debug_ranges  0x00000000000000e0       0xf8 Drivers/STM32F4xx_HAL_Driver/Src/stm32f4xx_hal_cortex.o
 .debug_ranges  0x00000000000001d8       0x80 Drivers/STM32F4xx_HAL_Driver/Src/stm32f4xx_hal_dma.o
 .debug_ranges  0x0000000000000258       0x48 Drivers/STM32F4xx_HAL_Driver/Src/stm32f4xx_hal_gpio.o
 .debug_ranges  0x00000000000002a0       0x90 Drivers/STM32F4xx_HAL_Driver/Src/stm32f4xx_hal_rcc.o
 .debug_ranges  0x0000000000000330      0x1c0 Drivers/STM32F4xx_HAL_Driver/Src/stm32f4xx_hal_spi.o
 .debug_ranges  0x00000000000004f0      0x1c0 Drivers/STM32F4xx_HAL_Driver/Src/stm32f4xx_hal_uart.o
 .debug_ranges  0x00000000000006b0       0x78 Src/CircularBuffer.o
 .debug_ranges  0x0000000000000728       0x40 Src/WIFIModule.o
 .debug_ranges  0x0000000000000768       0x40 Src/main.o
 .debug_ranges  0x00000000000007a8       0x30 Src/stm32f4xx_hal_msp.o
 .debug_ranges  0x00000000000007d8       0x60 Src/stm32f4xx_it.o
 .debug_ranges  0x0000000000000838       0xa0 Src/syscalls.o
 .debug_ranges  0x00000000000008d8       0x18 Src/system_stm32f4xx.o
 .debug_ranges  0x00000000000008f0       0x20 startup/startup_stm32f407xx.o

.debug_macro    0x0000000000000000    0x21840
 .debug_macro   0x0000000000000000      0x224 Drivers/STM32F4xx_HAL_Driver/Src/stm32f4xx_hal.o
 .debug_macro   0x0000000000000224      0xa60 Drivers/STM32F4xx_HAL_Driver/Src/stm32f4xx_hal.o
 .debug_macro   0x0000000000000c84      0x18c Drivers/STM32F4xx_HAL_Driver/Src/stm32f4xx_hal.o
 .debug_macro   0x0000000000000e10       0x32 Drivers/STM32F4xx_HAL_Driver/Src/stm32f4xx_hal.o
 .debug_macro   0x0000000000000e42       0x2f Drivers/STM32F4xx_HAL_Driver/Src/stm32f4xx_hal.o
 .debug_macro   0x0000000000000e71       0x22 Drivers/STM32F4xx_HAL_Driver/Src/stm32f4xx_hal.o
 .debug_macro   0x0000000000000e93       0x87 Drivers/STM32F4xx_HAL_Driver/Src/stm32f4xx_hal.o
 .debug_macro   0x0000000000000f1a       0x51 Drivers/STM32F4xx_HAL_Driver/Src/stm32f4xx_hal.o
 .debug_macro   0x0000000000000f6b       0xef Drivers/STM32F4xx_HAL_Driver/Src/stm32f4xx_hal.o
 .debug_macro   0x000000000000105a       0x6a Drivers/STM32F4xx_HAL_Driver/Src/stm32f4xx_hal.o
 .debug_macro   0x00000000000010c4      0x1df Drivers/STM32F4xx_HAL_Driver/Src/stm32f4xx_hal.o
 .debug_macro   0x00000000000012a3       0x1c Drivers/STM32F4xx_HAL_Driver/Src/stm32f4xx_hal.o
 .debug_macro   0x00000000000012bf       0x22 Drivers/STM32F4xx_HAL_Driver/Src/stm32f4xx_hal.o
 .debug_macro   0x00000000000012e1       0xdf Drivers/STM32F4xx_HAL_Driver/Src/stm32f4xx_hal.o
 .debug_macro   0x00000000000013c0     0x102d Drivers/STM32F4xx_HAL_Driver/Src/stm32f4xx_hal.o
 .debug_macro   0x00000000000023ed      0x11f Drivers/STM32F4xx_HAL_Driver/Src/stm32f4xx_hal.o
 .debug_macro   0x000000000000250c    0x15e43 Drivers/STM32F4xx_HAL_Driver/Src/stm32f4xx_hal.o
 .debug_macro   0x000000000001834f       0x43 Drivers/STM32F4xx_HAL_Driver/Src/stm32f4xx_hal.o
 .debug_macro   0x0000000000018392     0x35d4 Drivers/STM32F4xx_HAL_Driver/Src/stm32f4xx_hal.o
 .debug_macro   0x000000000001b966      0x174 Drivers/STM32F4xx_HAL_Driver/Src/stm32f4xx_hal.o
 .debug_macro   0x000000000001bada       0x4e Drivers/STM32F4xx_HAL_Driver/Src/stm32f4xx_hal.o
 .debug_macro   0x000000000001bb28      0x96b Drivers/STM32F4xx_HAL_Driver/Src/stm32f4xx_hal.o
 .debug_macro   0x000000000001c493      0x9fe Drivers/STM32F4xx_HAL_Driver/Src/stm32f4xx_hal.o
 .debug_macro   0x000000000001ce91       0xed Drivers/STM32F4xx_HAL_Driver/Src/stm32f4xx_hal.o
 .debug_macro   0x000000000001cf7e      0x117 Drivers/STM32F4xx_HAL_Driver/Src/stm32f4xx_hal.o
 .debug_macro   0x000000000001d095      0x13e Drivers/STM32F4xx_HAL_Driver/Src/stm32f4xx_hal.o
 .debug_macro   0x000000000001d1d3       0x27 Drivers/STM32F4xx_HAL_Driver/Src/stm32f4xx_hal.o
 .debug_macro   0x000000000001d1fa      0x287 Drivers/STM32F4xx_HAL_Driver/Src/stm32f4xx_hal.o
 .debug_macro   0x000000000001d481       0x5f Drivers/STM32F4xx_HAL_Driver/Src/stm32f4xx_hal.o
 .debug_macro   0x000000000001d4e0      0x236 Drivers/STM32F4xx_HAL_Driver/Src/stm32f4xx_hal.o
 .debug_macro   0x000000000001d716      0x12c Drivers/STM32F4xx_HAL_Driver/Src/stm32f4xx_hal.o
 .debug_macro   0x000000000001d842      0x21e Drivers/STM32F4xx_HAL_Driver/Src/stm32f4xx_hal.o
 .debug_macro   0x000000000001da60       0x2e Drivers/STM32F4xx_HAL_Driver/Src/stm32f4xx_hal.o
 .debug_macro   0x000000000001da8e      0x11a Drivers/STM32F4xx_HAL_Driver/Src/stm32f4xx_hal.o
 .debug_macro   0x000000000001dba8       0x7e Drivers/STM32F4xx_HAL_Driver/Src/stm32f4xx_hal.o
 .debug_macro   0x000000000001dc26       0x89 Drivers/STM32F4xx_HAL_Driver/Src/stm32f4xx_hal.o
 .debug_macro   0x000000000001dcaf      0x225 Drivers/STM32F4xx_HAL_Driver/Src/stm32f4xx_hal.o
 .debug_macro   0x000000000001ded4      0x287 Drivers/STM32F4xx_HAL_Driver/Src/stm32f4xx_hal.o
 .debug_macro   0x000000000001e15b      0x12d Drivers/STM32F4xx_HAL_Driver/Src/stm32f4xx_hal.o
 .debug_macro   0x000000000001e288      0x1c4 Drivers/STM32F4xx_HAL_Driver/Src/stm32f4xx_hal_cortex.o
 .debug_macro   0x000000000001e44c      0x1ca Drivers/STM32F4xx_HAL_Driver/Src/stm32f4xx_hal_dma.o
 .debug_macro   0x000000000001e616      0x1fa Drivers/STM32F4xx_HAL_Driver/Src/stm32f4xx_hal_gpio.o
 .debug_macro   0x000000000001e810      0x1e8 Drivers/STM32F4xx_HAL_Driver/Src/stm32f4xx_hal_rcc.o
 .debug_macro   0x000000000001e9f8      0x1cc Drivers/STM32F4xx_HAL_Driver/Src/stm32f4xx_hal_spi.o
 .debug_macro   0x000000000001ebc4      0x1c5 Drivers/STM32F4xx_HAL_Driver/Src/stm32f4xx_hal_uart.o
 .debug_macro   0x000000000001ed89      0x208 Src/CircularBuffer.o
 .debug_macro   0x000000000001ef91       0x52 Src/CircularBuffer.o
 .debug_macro   0x000000000001efe3       0x17 Src/CircularBuffer.o
 .debug_macro   0x000000000001effa       0x8d Src/CircularBuffer.o
 .debug_macro   0x000000000001f087       0x35 Src/CircularBuffer.o
 .debug_macro   0x000000000001f0bc       0x9c Src/CircularBuffer.o
 .debug_macro   0x000000000001f158       0x16 Src/CircularBuffer.o
 .debug_macro   0x000000000001f16e       0x57 Src/CircularBuffer.o
 .debug_macro   0x000000000001f1c5       0x97 Src/CircularBuffer.o
 .debug_macro   0x000000000001f25c      0x330 Src/CircularBuffer.o
 .debug_macro   0x000000000001f58c       0xfd Src/CircularBuffer.o
 .debug_macro   0x000000000001f689       0x10 Src/CircularBuffer.o
 .debug_macro   0x000000000001f699       0x58 Src/CircularBuffer.o
 .debug_macro   0x000000000001f6f1       0x1f Src/CircularBuffer.o
 .debug_macro   0x000000000001f710       0x43 Src/CircularBuffer.o
 .debug_macro   0x000000000001f753       0x20 Src/CircularBuffer.o
 .debug_macro   0x000000000001f773      0x18e Src/CircularBuffer.o
 .debug_macro   0x000000000001f901       0x10 Src/CircularBuffer.o
 .debug_macro   0x000000000001f911       0x1c Src/CircularBuffer.o
 .debug_macro   0x000000000001f92d       0x52 Src/CircularBuffer.o
 .debug_macro   0x000000000001f97f       0x40 Src/CircularBuffer.o
 .debug_macro   0x000000000001f9bf       0x10 Src/CircularBuffer.o
 .debug_macro   0x000000000001f9cf       0x40 Src/CircularBuffer.o
 .debug_macro   0x000000000001fa0f       0xd7 Src/CircularBuffer.o
 .debug_macro   0x000000000001fae6       0x1c Src/CircularBuffer.o
 .debug_macro   0x000000000001fb02       0x3d Src/CircularBuffer.o
 .debug_macro   0x000000000001fb3f       0x16 Src/CircularBuffer.o
 .debug_macro   0x000000000001fb55      0x16f Src/CircularBuffer.o
 .debug_macro   0x000000000001fcc4       0x16 Src/CircularBuffer.o
 .debug_macro   0x000000000001fcda       0x35 Src/CircularBuffer.o
 .debug_macro   0x000000000001fd0f       0x16 Src/CircularBuffer.o
 .debug_macro   0x000000000001fd25       0x29 Src/CircularBuffer.o
 .debug_macro   0x000000000001fd4e       0x22 Src/CircularBuffer.o
 .debug_macro   0x000000000001fd70       0x16 Src/CircularBuffer.o
 .debug_macro   0x000000000001fd86      0x212 Src/WIFIModule.o
 .debug_macro   0x000000000001ff98      0x3a0 Src/main.o
 .debug_macro   0x0000000000020338       0x58 Src/main.o
 .debug_macro   0x0000000000020390      0x32a Src/main.o
 .debug_macro   0x00000000000206ba      0x3a0 Src/stm32f4xx_hal_msp.o
 .debug_macro   0x0000000000020a5a      0x3ae Src/stm32f4xx_it.o
 .debug_macro   0x0000000000020e08      0x243 Src/syscalls.o
 .debug_macro   0x000000000002104b       0x10 Src/syscalls.o
 .debug_macro   0x000000000002105b       0x10 Src/syscalls.o
 .debug_macro   0x000000000002106b       0x10 Src/syscalls.o
 .debug_macro   0x000000000002107b       0x35 Src/syscalls.o
 .debug_macro   0x00000000000210b0      0x122 Src/syscalls.o
 .debug_macro   0x00000000000211d2       0x10 Src/syscalls.o
 .debug_macro   0x00000000000211e2      0x241 Src/syscalls.o
 .debug_macro   0x0000000000021423       0x1c Src/syscalls.o
 .debug_macro   0x000000000002143f       0x10 Src/syscalls.o
 .debug_macro   0x000000000002144f      0x189 Src/syscalls.o
 .debug_macro   0x00000000000215d8       0x16 Src/syscalls.o
 .debug_macro   0x00000000000215ee       0x88 Src/syscalls.o
 .debug_macro   0x0000000000021676      0x1ca Src/system_stm32f4xx.o

.debug_line     0x0000000000000000     0x831b
 .debug_line    0x0000000000000000      0x8da Drivers/STM32F4xx_HAL_Driver/Src/stm32f4xx_hal.o
 .debug_line    0x00000000000008da      0x930 Drivers/STM32F4xx_HAL_Driver/Src/stm32f4xx_hal_cortex.o
 .debug_line    0x000000000000120a      0xa07 Drivers/STM32F4xx_HAL_Driver/Src/stm32f4xx_hal_dma.o
 .debug_line    0x0000000000001c11      0x866 Drivers/STM32F4xx_HAL_Driver/Src/stm32f4xx_hal_gpio.o
 .debug_line    0x0000000000002477      0x952 Drivers/STM32F4xx_HAL_Driver/Src/stm32f4xx_hal_rcc.o
 .debug_line    0x0000000000002dc9     0x1108 Drivers/STM32F4xx_HAL_Driver/Src/stm32f4xx_hal_spi.o
 .debug_line    0x0000000000003ed1     0x101c Drivers/STM32F4xx_HAL_Driver/Src/stm32f4xx_hal_uart.o
 .debug_line    0x0000000000004eed      0x5f2 Src/CircularBuffer.o
 .debug_line    0x00000000000054df      0x565 Src/WIFIModule.o
 .debug_line    0x0000000000005a44      0x931 Src/main.o
 .debug_line    0x0000000000006375      0x8f7 Src/stm32f4xx_hal_msp.o
 .debug_line    0x0000000000006c6c      0x935 Src/stm32f4xx_it.o
 .debug_line    0x00000000000075a1      0x5f9 Src/syscalls.o
 .debug_line    0x0000000000007b9a      0x702 Src/system_stm32f4xx.o
 .debug_line    0x000000000000829c       0x7f startup/startup_stm32f407xx.o

.debug_str      0x0000000000000000    0xc4305
 .debug_str     0x0000000000000000    0xbd007 Drivers/STM32F4xx_HAL_Driver/Src/stm32f4xx_hal.o
                                      0xbd393 (size before relaxing)
 .debug_str     0x00000000000bd007      0x3a8 Drivers/STM32F4xx_HAL_Driver/Src/stm32f4xx_hal_cortex.o
                                      0xbd0c9 (size before relaxing)
 .debug_str     0x00000000000bd3af      0x53e Drivers/STM32F4xx_HAL_Driver/Src/stm32f4xx_hal_dma.o
                                      0xbcc2e (size before relaxing)
 .debug_str     0x00000000000bd8ed      0x292 Drivers/STM32F4xx_HAL_Driver/Src/stm32f4xx_hal_gpio.o
                                      0xbca4c (size before relaxing)
 .debug_str     0x00000000000bdb7f      0x384 Drivers/STM32F4xx_HAL_Driver/Src/stm32f4xx_hal_rcc.o
                                      0xbcc16 (size before relaxing)
 .debug_str     0x00000000000bdf03      0x70e Drivers/STM32F4xx_HAL_Driver/Src/stm32f4xx_hal_spi.o
                                      0xbd091 (size before relaxing)
 .debug_str     0x00000000000be611      0x67d Drivers/STM32F4xx_HAL_Driver/Src/stm32f4xx_hal_uart.o
                                      0xbd0b7 (size before relaxing)
 .debug_str     0x00000000000bec8e     0x420c Src/CircularBuffer.o
                                       0x77e7 (size before relaxing)
 .debug_str     0x00000000000c2e9a       0xdf Src/WIFIModule.o
                                       0x7762 (size before relaxing)
 .debug_str     0x00000000000c2f79       0xaf Src/main.o
                                      0xc15ed (size before relaxing)
 .debug_str     0x00000000000c3028       0x1b Src/stm32f4xx_hal_msp.o
                                      0xc1394 (size before relaxing)
 .debug_str     0x00000000000c3043       0xda Src/stm32f4xx_it.o
                                      0xc0df0 (size before relaxing)
 .debug_str     0x00000000000c311d     0x115e Src/syscalls.o
                                       0x8724 (size before relaxing)
 .debug_str     0x00000000000c427b       0x5a Src/system_stm32f4xx.o
                                      0xbc808 (size before relaxing)
 .debug_str     0x00000000000c42d5       0x30 startup/startup_stm32f407xx.o
                                         0x63 (size before relaxing)

.comment        0x0000000000000000       0x7e
 .comment       0x0000000000000000       0x7e Drivers/STM32F4xx_HAL_Driver/Src/stm32f4xx_hal.o
                                         0x7f (size before relaxing)
 .comment       0x000000000000007e       0x7f Drivers/STM32F4xx_HAL_Driver/Src/stm32f4xx_hal_cortex.o
 .comment       0x000000000000007e       0x7f Drivers/STM32F4xx_HAL_Driver/Src/stm32f4xx_hal_dma.o
 .comment       0x000000000000007e       0x7f Drivers/STM32F4xx_HAL_Driver/Src/stm32f4xx_hal_gpio.o
 .comment       0x000000000000007e       0x7f Drivers/STM32F4xx_HAL_Driver/Src/stm32f4xx_hal_rcc.o
 .comment       0x000000000000007e       0x7f Drivers/STM32F4xx_HAL_Driver/Src/stm32f4xx_hal_spi.o
 .comment       0x000000000000007e       0x7f Drivers/STM32F4xx_HAL_Driver/Src/stm32f4xx_hal_uart.o
 .comment       0x000000000000007e       0x7f Src/CircularBuffer.o
 .comment       0x000000000000007e       0x7f Src/WIFIModule.o
 .comment       0x000000000000007e       0x7f Src/main.o
 .comment       0x000000000000007e       0x7f Src/stm32f4xx_hal_msp.o
 .comment       0x000000000000007e       0x7f Src/stm32f4xx_it.o
 .comment       0x000000000000007e       0x7f Src/syscalls.o
 .comment       0x000000000000007e       0x7f Src/system_stm32f4xx.o

.debug_frame    0x0000000000000000     0x1a6c
 .debug_frame   0x0000000000000000      0x1ec Drivers/STM32F4xx_HAL_Driver/Src/stm32f4xx_hal.o
 .debug_frame   0x00000000000001ec      0x15c Drivers/STM32F4xx_HAL_Driver/Src/stm32f4xx_hal_cortex.o
 .debug_frame   0x0000000000000348      0x188 Drivers/STM32F4xx_HAL_Driver/Src/stm32f4xx_hal_dma.o
 .debug_frame   0x00000000000004d0       0xd8 Drivers/STM32F4xx_HAL_Driver/Src/stm32f4xx_hal_gpio.o
 .debug_frame   0x00000000000005a8      0x184 Drivers/STM32F4xx_HAL_Driver/Src/stm32f4xx_hal_rcc.o
 .debug_frame   0x000000000000072c      0x590 Drivers/STM32F4xx_HAL_Driver/Src/stm32f4xx_hal_spi.o
 .debug_frame   0x0000000000000cbc      0x4f0 Drivers/STM32F4xx_HAL_Driver/Src/stm32f4xx_hal_uart.o
 .debug_frame   0x00000000000011ac      0x128 Src/CircularBuffer.o
 .debug_frame   0x00000000000012d4       0xb8 Src/WIFIModule.o
 .debug_frame   0x000000000000138c       0xc0 Src/main.o
 .debug_frame   0x000000000000144c       0xa0 Src/stm32f4xx_hal_msp.o
 .debug_frame   0x00000000000014ec       0xd8 Src/stm32f4xx_it.o
 .debug_frame   0x00000000000015c4      0x1a8 Src/syscalls.o
 .debug_frame   0x000000000000176c       0x30 Src/system_stm32f4xx.o
 .debug_frame   0x000000000000179c       0x20 /home/amin/Ac6/SystemWorkbench/plugins/fr.ac6.mcu.externaltools.arm-none.linux64_1.16.0.201807130628/tools/compiler/bin/../lib/gcc/arm-none-eabi/7.2.1/../../../../arm-none-eabi/lib/thumb/v7e-m/fpv4-sp/hard/libc_nano.a(lib_a-errno.o)
 .debug_frame   0x00000000000017bc       0x2c /home/amin/Ac6/SystemWorkbench/plugins/fr.ac6.mcu.externaltools.arm-none.linux64_1.16.0.201807130628/tools/compiler/bin/../lib/gcc/arm-none-eabi/7.2.1/../../../../arm-none-eabi/lib/thumb/v7e-m/fpv4-sp/hard/libc_nano.a(lib_a-init.o)
 .debug_frame   0x00000000000017e8       0x30 /home/amin/Ac6/SystemWorkbench/plugins/fr.ac6.mcu.externaltools.arm-none.linux64_1.16.0.201807130628/tools/compiler/bin/../lib/gcc/arm-none-eabi/7.2.1/../../../../arm-none-eabi/lib/thumb/v7e-m/fpv4-sp/hard/libc_nano.a(lib_a-malloc.o)
 .debug_frame   0x0000000000001818       0x28 /home/amin/Ac6/SystemWorkbench/plugins/fr.ac6.mcu.externaltools.arm-none.linux64_1.16.0.201807130628/tools/compiler/bin/../lib/gcc/arm-none-eabi/7.2.1/../../../../arm-none-eabi/lib/thumb/v7e-m/fpv4-sp/hard/libc_nano.a(lib_a-memcpy-stub.o)
 .debug_frame   0x0000000000001840       0x2c /home/amin/Ac6/SystemWorkbench/plugins/fr.ac6.mcu.externaltools.arm-none.linux64_1.16.0.201807130628/tools/compiler/bin/../lib/gcc/arm-none-eabi/7.2.1/../../../../arm-none-eabi/lib/thumb/v7e-m/fpv4-sp/hard/libc_nano.a(lib_a-nano-mallocr.o)
 .debug_frame   0x000000000000186c       0x2c /home/amin/Ac6/SystemWorkbench/plugins/fr.ac6.mcu.externaltools.arm-none.linux64_1.16.0.201807130628/tools/compiler/bin/../lib/gcc/arm-none-eabi/7.2.1/../../../../arm-none-eabi/lib/thumb/v7e-m/fpv4-sp/hard/libc_nano.a(lib_a-sbrkr.o)
 .debug_frame   0x0000000000001898       0x2c /home/amin/Ac6/SystemWorkbench/plugins/fr.ac6.mcu.externaltools.arm-none.linux64_1.16.0.201807130628/tools/compiler/bin/../lib/gcc/arm-none-eabi/7.2.1/../../../../arm-none-eabi/lib/thumb/v7e-m/fpv4-sp/hard/libc_nano.a(lib_a-strncpy.o)
 .debug_frame   0x00000000000018c4      0x11c /home/amin/Ac6/SystemWorkbench/plugins/fr.ac6.mcu.externaltools.arm-none.linux64_1.16.0.201807130628/tools/compiler/bin/../lib/gcc/arm-none-eabi/7.2.1/../../../../arm-none-eabi/lib/thumb/v7e-m/fpv4-sp/hard/libc_nano.a(lib_a-findfp.o)
 .debug_frame   0x00000000000019e0       0x30 /home/amin/Ac6/SystemWorkbench/plugins/fr.ac6.mcu.externaltools.arm-none.linux64_1.16.0.201807130628/tools/compiler/bin/../lib/gcc/arm-none-eabi/7.2.1/../../../../arm-none-eabi/lib/thumb/v7e-m/fpv4-sp/hard/libc_nano.a(lib_a-mlock.o)
 .debug_frame   0x0000000000001a10       0x5c /home/amin/Ac6/SystemWorkbench/plugins/fr.ac6.mcu.externaltools.arm-none.linux64_1.16.0.201807130628/tools/compiler/bin/../lib/gcc/arm-none-eabi/7.2.1/../../../../arm-none-eabi/lib/thumb/v7e-m/fpv4-sp/hard/libc_nano.a(lib_a-reent.o)
